// Jest Snapshot v1, https://goo.gl/fbAQLP

exports[`1- default 1`] = `null`;

exports[`2- select 1`] = `
Object {
  "_id": "project1",
}
`;

exports[`3- user logout 1`] = `null`;
