// Jest Snapshot v1, https://goo.gl/fbAQLP

exports[`1- default 1`] = `""`;

exports[`2- login 1`] = `"username"`;

exports[`3- logout 1`] = `""`;
