// Jest Snapshot v1, https://goo.gl/fbAQLP

exports[`1- default 1`] = `
Array [
  <h5>
    Channels you can contact us
  </h5>,
  <div
    className="buttons"
  >
    <div
      className="button"
    >
      <a
        href="mailto:hello@runkod.com"
        title="Email"
      >
        <svg
          viewBox="0 0 512 512"
          xmlns="http://www.w3.org/2000/svg"
        >
          <path
            d="M437.332 80H74.668C51.199 80 32 99.198 32 122.667v266.666C32 412.802 51.199 432 74.668 432h362.664C460.801 432 480 412.802 480 389.333V122.667C480 99.198 460.801 80 437.332 80zM432 170.667L256 288 80 170.667V128l176 117.333L432 128v42.667z"
          />
        </svg>
      </a>
      <span>
        email
      </span>
    </div>
    <div
      className="button"
    >
      <a
        href="https://runkod.slack.com"
        rel="noopener noreferrer"
        target="_blank"
        title="Slack"
      >
        <svg
          role="img"
          viewBox="0 0 24 24"
          xmlns="http://www.w3.org/2000/svg"
        >
          <path
            d="M5.042 15.165a2.528 2.528 0 0 1-2.52 2.523A2.528 2.528 0 0 1 0 15.165a2.527 2.527 0 0 1 2.522-2.52h2.52v2.52zM6.313 15.165a2.527 2.527 0 0 1 2.521-2.52 2.527 2.527 0 0 1 2.521 2.52v6.313A2.528 2.528 0 0 1 8.834 24a2.528 2.528 0 0 1-2.521-2.522v-6.313zM8.834 5.042a2.528 2.528 0 0 1-2.521-2.52A2.528 2.528 0 0 1 8.834 0a2.528 2.528 0 0 1 2.521 2.522v2.52H8.834zM8.834 6.313a2.528 2.528 0 0 1 2.521 2.521 2.528 2.528 0 0 1-2.521 2.521H2.522A2.528 2.528 0 0 1 0 8.834a2.528 2.528 0 0 1 2.522-2.521h6.312zM18.956 8.834a2.528 2.528 0 0 1 2.522-2.521A2.528 2.528 0 0 1 24 8.834a2.528 2.528 0 0 1-2.522 2.521h-2.522V8.834zM17.688 8.834a2.528 2.528 0 0 1-2.523 2.521 2.527 2.527 0 0 1-2.52-2.521V2.522A2.527 2.527 0 0 1 15.165 0a2.528 2.528 0 0 1 2.523 2.522v6.312zM15.165 18.956a2.528 2.528 0 0 1 2.523 2.522A2.528 2.528 0 0 1 15.165 24a2.527 2.527 0 0 1-2.52-2.522v-2.522h2.52zM15.165 17.688a2.527 2.527 0 0 1-2.52-2.523 2.526 2.526 0 0 1 2.52-2.52h6.313A2.527 2.527 0 0 1 24 15.165a2.528 2.528 0 0 1-2.522 2.523h-6.313z"
          />
        </svg>
      </a>
      <span>
        slack
      </span>
    </div>
    <div
      className="button"
    >
      <a
        href="https://discord.gg/Qk57NDS"
        rel="noopener noreferrer"
        target="_blank"
        title="Discord"
      >
        <svg
          role="img"
          viewBox="0 0 24 24"
          xmlns="http://www.w3.org/2000/svg"
        >
          <path
            d="M20.222 0c1.406 0 2.54 1.137 2.607 2.475V24l-2.677-2.273-1.47-1.338-1.604-1.398.67 2.205H3.71c-1.402 0-2.54-1.065-2.54-2.476V2.48C1.17 1.142 2.31.003 3.715.003h16.5L20.222 0zm-6.118 5.683h-.03l-.202.2c2.073.6 3.076 1.537 3.076 1.537-1.336-.668-2.54-1.002-3.744-1.137-.87-.135-1.74-.064-2.475 0h-.2c-.47 0-1.47.2-2.81.735-.467.203-.735.336-.735.336s1.002-1.002 3.21-1.537l-.135-.135s-1.672-.064-3.477 1.27c0 0-1.805 3.144-1.805 7.02 0 0 1 1.74 3.743 1.806 0 0 .4-.533.805-1.002-1.54-.468-2.14-1.404-2.14-1.404s.134.066.335.2h.06c.03 0 .044.015.06.03v.006c.016.016.03.03.06.03.33.136.66.27.93.4.466.202 1.065.403 1.8.536.93.135 1.996.2 3.21 0 .6-.135 1.2-.267 1.8-.535.39-.2.87-.4 1.397-.737 0 0-.6.936-2.205 1.404.33.466.795 1 .795 1 2.744-.06 3.81-1.8 3.87-1.726 0-3.87-1.815-7.02-1.815-7.02-1.635-1.214-3.165-1.26-3.435-1.26l.056-.02zm.168 4.413c.703 0 1.27.6 1.27 1.335 0 .74-.57 1.34-1.27 1.34-.7 0-1.27-.6-1.27-1.334.002-.74.573-1.338 1.27-1.338zm-4.543 0c.7 0 1.266.6 1.266 1.335 0 .74-.57 1.34-1.27 1.34-.7 0-1.27-.6-1.27-1.334 0-.74.57-1.338 1.27-1.338z"
          />
        </svg>
      </a>
      <span>
        discord
      </span>
    </div>
    <div
      className="button"
    >
      <a
        href="https://t.me/joinchat/AYcx-xLSlNfCqUNFKEExsQ"
        rel="noopener noreferrer"
        target="_blank"
        title="Telegram"
      >
        <svg
          role="img"
          viewBox="0 0 24 24"
          xmlns="http://www.w3.org/2000/svg"
        >
          <path
            d="M23.91 3.79L20.3 20.84c-.25 1.21-.98 1.5-2 .94l-5.5-4.07-2.66 2.57c-.3.3-.55.56-1.1.56-.72 0-.6-.27-.84-.95L6.3 13.7l-5.45-1.7c-1.18-.35-1.19-1.16.26-1.75l21.26-8.2c.97-.43 1.9.24 1.53 1.73z"
          />
        </svg>
      </a>
      <span>
        telegram
      </span>
    </div>
  </div>,
]
`;
